// Jest Snapshot v1, https://goo.gl/fbAQLP

exports[`App matches snapshot 1`] = `
<div id="app">
  <p>Hello Vue!</p>
</div>
`;
